20:40:02 **** Auto Build of configuration Debug for project 180307_1 ****
make pre-build main-build 
a9-linaro-pre-build-step
' '
'Building file: ../src/helloworld.c'
'Invoking: ARM v7 gcc compiler'
arm-none-eabi-gcc -Wall -O0 -g3 -c -fmessage-length=0 -MT"src/helloworld.o" -mcpu=cortex-a9 -mfpu=vfpv3 -mfloat-abi=hard -I../../180307_1_bsp/ps7_cortexa9_0/include -MMD -MP -MF"src/helloworld.d" -MT"src/helloworld.o" -o "src/helloworld.o" "../src/helloworld.c"
../src/helloworld.c: In function 'main':
../src/helloworld.c:224:14: warning: initialization makes pointer from integer without a cast [-Wint-conversion]
  int *gpio = 0x41220000;
              ^~~~~~~~~~
'Finished building: ../src/helloworld.c'
' '
'Building target: 180307_1.elf'
'Invoking: ARM v7 gcc linker'
arm-none-eabi-gcc -mcpu=cortex-a9 -mfpu=vfpv3 -mfloat-abi=hard -Wl,-build-id=none -specs=Xilinx.spec -Wl,-T -Wl,../src/lscript.ld -L../../180307_1_bsp/ps7_cortexa9_0/lib -o "180307_1.elf"  ./src/helloworld.o ./src/platform.o ./src/vdma_api.o   -Wl,--start-group,-lxil,-lgcc,-lc,--end-group
'Finished building target: 180307_1.elf'
' '
'Invoking: ARM v7 Print Size'
arm-none-eabi-size 180307_1.elf  |tee "180307_1.elf.size"
   text	   data	    bss	    dec	    hex	filename
  44960	   2988	  25440	  73388	  11eac	180307_1.elf
'Finished building: 180307_1.elf.size'
' '

20:40:08 Build Finished (took 5s.858ms)

